---
source: src/parser.rs
expression: rule_html
snapshot_kind: text
---
<article class="message is-size-4">
    <div class="message-header">
        <p>
            3.3.7 Zwangsweiser Abzug eines Timeouts
        </p>
    </div>
    <div class="message-body">
        <div class="content">
            <p>
                Für eine Violation im Zusammenhang mit einer Head Coach‘s
                Conference (3.3.4.e) wird dem betreffenden Team eines seiner
                Timeouts abgezogen (Regel 3.4.2.b.2).
            </p>
        </div>
        <div class="block">
            <a class="button is-medium" href=
            "https://afsvd.de/content/files/2024/12/Football_Regelbuch_2025.pdf#subsection.1.3.3.7"
            target="_blank" rel="noreferrer noopener">Offizielles Regelwerk</a>
        </div>
        <div class="block"></div>
    </div>
</article>
