---
source: src/parser.rs
expression: interpretation
snapshot_kind: text
---
article_nr:
  - 9
  - 4
  - 1
index: 3
text: "Team A versucht ein Fieldgoal von der B-30. Ein Team B-Spieler\nin der Endzone springt vor der Querlatte hoch und schlägt den fliegenden Ball weg. Der Ball fliegt zurück ins Spielfeld."
ruling: "Foul für\nSchlagen des Balles in der Endzone. Postscrimmage Kick Enforcement\nergibt einen Safety durch die Strafe. Der Ball bleibt im Spiel und Team A\nkann das Ergebnis des Downs wählen. Wenn Team A den Ball recovert,\nkeine Punkte erzielt und die Strafe annimmt oder sich das Geschehen\nwährend in einer Extraperiode ereignet, wird die Strafe vom Previous\nSpot durchgeführt."
